Component: ARM Compiler 5.06 update 6 (build 750) Tool: armlink [4d35ed]

==============================================================================

Section Cross References

    main_adc.o(i.main) refers to _printf_percent.o(.ARM.Collect$$_printf_percent$$00000000) for _printf_percent
    main_adc.o(i.main) refers to _printf_d.o(.ARM.Collect$$_printf_percent$$00000009) for _printf_d
    main_adc.o(i.main) refers to _printf_x.o(.ARM.Collect$$_printf_percent$$0000000C) for _printf_x
    main_adc.o(i.main) refers to _printf_dec.o(.text) for _printf_int_dec
    main_adc.o(i.main) refers to _printf_hex_int.o(.text) for _printf_longlong_hex
    main_adc.o(i.main) refers to uart.o(i.uart_init) for uart_init
    main_adc.o(i.main) refers to main_adc.o(i.DAC0_INIT) for DAC0_INIT
    main_adc.o(i.main) refers to main_adc.o(i.ADC1_INIT) for ADC1_INIT
    main_adc.o(i.main) refers to main_adc.o(i.PDB_INIT) for PDB_INIT
    main_adc.o(i.main) refers to noretval__2sprintf.o(.text) for __2sprintf
    main_adc.o(i.main) refers to uart.o(i.put) for put
    uart.o(i.put) refers to uart.o(i.uart_putchar) for uart_putchar
    startup_mk64f12.o(STACK) refers (Special) to heapauxi.o(.text) for __use_two_region_memory
    startup_mk64f12.o(HEAP) refers (Special) to heapauxi.o(.text) for __use_two_region_memory
    startup_mk64f12.o(RESET) refers (Special) to heapauxi.o(.text) for __use_two_region_memory
    startup_mk64f12.o(RESET) refers to startup_mk64f12.o(STACK) for __initial_sp
    startup_mk64f12.o(RESET) refers to startup_mk64f12.o(.text) for Reset_Handler
    startup_mk64f12.o(RESET) refers to main_adc.o(i.ADC1_IRQHandler) for ADC1_IRQHandler
    startup_mk64f12.o(.ARM.__at_0x400) refers (Special) to heapauxi.o(.text) for __use_two_region_memory
    startup_mk64f12.o(.text) refers (Special) to heapauxi.o(.text) for __use_two_region_memory
    startup_mk64f12.o(.text) refers to system_mk64f12.o(i.SystemInit) for SystemInit
    startup_mk64f12.o(.text) refers to __main.o(!!!main) for __main
    startup_mk64f12.o(.text) refers to startup_mk64f12.o(HEAP) for Heap_Mem
    startup_mk64f12.o(.text) refers to startup_mk64f12.o(STACK) for Stack_Mem
    system_mk64f12.o(i.SystemCoreClockUpdate) refers to system_mk64f12.o(.data) for SystemCoreClock
    __2sprintf.o(.text) refers to _printf_char_common.o(.text) for _printf_char_common
    __2sprintf.o(.text) refers to _sputc.o(.text) for _sputc
    noretval__2sprintf.o(.text) refers to _printf_char_common.o(.text) for _printf_char_common
    noretval__2sprintf.o(.text) refers to _sputc.o(.text) for _sputc
    __printf.o(.text) refers to _printf_percent.o(.ARM.Collect$$_printf_percent$$00000000) for _printf_percent
    _printf_dec.o(.text) refers to _printf_intcommon.o(.text) for _printf_int_common
    _printf_hex_ll.o(.text) refers to _printf_intcommon.o(.text) for _printf_int_common
    _printf_hex_ll.o(.text) refers to _printf_hex_ll.o(.constdata) for .constdata
    _printf_hex_int.o(.text) refers to _printf_intcommon.o(.text) for _printf_int_common
    _printf_hex_int.o(.text) refers to _printf_hex_int.o(.constdata) for .constdata
    _printf_hex_int_ll.o(.text) refers to _printf_intcommon.o(.text) for _printf_int_common
    _printf_hex_int_ll.o(.text) refers to _printf_hex_int_ll.o(.constdata) for .constdata
    _printf_hex_ptr.o(.text) refers to _printf_intcommon.o(.text) for _printf_int_common
    _printf_hex_ptr.o(.text) refers to _printf_hex_ptr.o(.constdata) for .constdata
    _printf_hex_int_ptr.o(.text) refers to _printf_intcommon.o(.text) for _printf_int_common
    _printf_hex_int_ptr.o(.text) refers to _printf_hex_int_ptr.o(.constdata) for .constdata
    _printf_hex_ll_ptr.o(.text) refers to _printf_intcommon.o(.text) for _printf_int_common
    _printf_hex_ll_ptr.o(.text) refers to _printf_hex_ll_ptr.o(.constdata) for .constdata
    _printf_hex_int_ll_ptr.o(.text) refers to _printf_intcommon.o(.text) for _printf_int_common
    _printf_hex_int_ll_ptr.o(.text) refers to _printf_hex_int_ll_ptr.o(.constdata) for .constdata
    __printf_flags.o(.text) refers to _printf_percent.o(.ARM.Collect$$_printf_percent$$00000000) for _printf_percent
    __printf_flags.o(.text) refers to __printf_flags.o(.constdata) for .constdata
    __printf_ss.o(.text) refers to _printf_percent.o(.ARM.Collect$$_printf_percent$$00000000) for _printf_percent
    __printf_flags_ss.o(.text) refers to _printf_percent.o(.ARM.Collect$$_printf_percent$$00000000) for _printf_percent
    __printf_flags_ss.o(.text) refers to __printf_flags_ss.o(.constdata) for .constdata
    __printf_wp.o(.text) refers to __printf_wp.o(i._is_digit) for _is_digit
    __printf_wp.o(.text) refers to _printf_percent.o(.ARM.Collect$$_printf_percent$$00000000) for _printf_percent
    __printf_flags_wp.o(.text) refers to __printf_wp.o(i._is_digit) for _is_digit
    __printf_flags_wp.o(.text) refers to _printf_percent.o(.ARM.Collect$$_printf_percent$$00000000) for _printf_percent
    __printf_flags_wp.o(.text) refers to __printf_flags_wp.o(.constdata) for .constdata
    __printf_ss_wp.o(.text) refers to __printf_wp.o(i._is_digit) for _is_digit
    __printf_ss_wp.o(.text) refers to _printf_percent.o(.ARM.Collect$$_printf_percent$$00000000) for _printf_percent
    __printf_flags_ss_wp.o(.text) refers to __printf_wp.o(i._is_digit) for _is_digit
    __printf_flags_ss_wp.o(.text) refers to _printf_percent.o(.ARM.Collect$$_printf_percent$$00000000) for _printf_percent
    __printf_flags_ss_wp.o(.text) refers to __printf_flags_ss_wp.o(.constdata) for .constdata
    _printf_x.o(.ARM.Collect$$_printf_percent$$0000000C) refers (Weak) to _printf_hex_int.o(.text) for _printf_int_hex
    _printf_d.o(.ARM.Collect$$_printf_percent$$00000009) refers (Weak) to _printf_dec.o(.text) for _printf_int_dec
    _printf_percent.o(.ARM.Collect$$_printf_percent$$00000000) refers (Special) to _printf_percent_end.o(.ARM.Collect$$_printf_percent$$00000017) for _printf_percent_end
    __main.o(!!!main) refers to __rtentry.o(.ARM.Collect$$rtentry$$00000000) for __rt_entry
    __rtentry.o(.ARM.Collect$$rtentry$$00000000) refers (Special) to __rtentry2.o(.ARM.Collect$$rtentry$$0000000A) for __rt_entry_li
    __rtentry.o(.ARM.Collect$$rtentry$$00000000) refers (Special) to __rtentry2.o(.ARM.Collect$$rtentry$$0000000D) for __rt_entry_main
    __rtentry.o(.ARM.Collect$$rtentry$$00000000) refers (Special) to __rtentry2.o(.ARM.Collect$$rtentry$$0000000C) for __rt_entry_postli_1
    __rtentry.o(.ARM.Collect$$rtentry$$00000000) refers (Special) to __rtentry2.o(.ARM.Collect$$rtentry$$00000009) for __rt_entry_postsh_1
    __rtentry.o(.ARM.Collect$$rtentry$$00000000) refers (Special) to __rtentry2.o(.ARM.Collect$$rtentry$$00000002) for __rt_entry_presh_1
    __rtentry.o(.ARM.Collect$$rtentry$$00000000) refers (Special) to __rtentry4.o(.ARM.Collect$$rtentry$$00000004) for __rt_entry_sh
    _printf_char_common.o(.text) refers to __printf.o(.text) for __printf
    __rtentry2.o(.ARM.Collect$$rtentry$$00000008) refers to boardinit2.o(.text) for _platform_post_stackheap_init
    __rtentry2.o(.ARM.Collect$$rtentry$$0000000A) refers to libinit.o(.ARM.Collect$$libinit$$00000000) for __rt_lib_init
    __rtentry2.o(.ARM.Collect$$rtentry$$0000000B) refers to boardinit3.o(.text) for _platform_post_lib_init
    __rtentry2.o(.ARM.Collect$$rtentry$$0000000D) refers to main_adc.o(i.main) for main
    __rtentry2.o(.ARM.Collect$$rtentry$$0000000D) refers to exit.o(.text) for exit
    __rtentry2.o(.ARM.exidx) refers to __rtentry2.o(.ARM.Collect$$rtentry$$00000001) for .ARM.Collect$$rtentry$$00000001
    __rtentry2.o(.ARM.exidx) refers to __rtentry2.o(.ARM.Collect$$rtentry$$00000008) for .ARM.Collect$$rtentry$$00000008
    __rtentry2.o(.ARM.exidx) refers to __rtentry2.o(.ARM.Collect$$rtentry$$0000000A) for .ARM.Collect$$rtentry$$0000000A
    __rtentry2.o(.ARM.exidx) refers to __rtentry2.o(.ARM.Collect$$rtentry$$0000000B) for .ARM.Collect$$rtentry$$0000000B
    __rtentry2.o(.ARM.exidx) refers to __rtentry2.o(.ARM.Collect$$rtentry$$0000000D) for .ARM.Collect$$rtentry$$0000000D
    __rtentry4.o(.ARM.Collect$$rtentry$$00000004) refers to sys_stackheap_outer.o(.text) for __user_setup_stackheap
    __rtentry4.o(.ARM.exidx) refers to __rtentry4.o(.ARM.Collect$$rtentry$$00000004) for .ARM.Collect$$rtentry$$00000004
    sys_stackheap_outer.o(.text) refers to libspace.o(.text) for __user_perproc_libspace
    sys_stackheap_outer.o(.text) refers to startup_mk64f12.o(.text) for __user_initial_stackheap
    exit.o(.text) refers to rtexit.o(.ARM.Collect$$rtexit$$00000000) for __rt_exit
    libinit.o(.ARM.Collect$$libinit$$00000000) refers (Special) to libinit2.o(.ARM.Collect$$libinit$$0000002E) for __rt_lib_init_alloca_1
    libinit.o(.ARM.Collect$$libinit$$00000000) refers (Special) to libinit2.o(.ARM.Collect$$libinit$$0000002C) for __rt_lib_init_argv_1
    libinit.o(.ARM.Collect$$libinit$$00000000) refers (Special) to libinit2.o(.ARM.Collect$$libinit$$0000001B) for __rt_lib_init_atexit_1
    libinit.o(.ARM.Collect$$libinit$$00000000) refers (Special) to libinit2.o(.ARM.Collect$$libinit$$00000021) for __rt_lib_init_clock_1
    libinit.o(.ARM.Collect$$libinit$$00000000) refers (Special) to libinit2.o(.ARM.Collect$$libinit$$00000032) for __rt_lib_init_cpp_1
    libinit.o(.ARM.Collect$$libinit$$00000000) refers (Special) to libinit2.o(.ARM.Collect$$libinit$$00000030) for __rt_lib_init_exceptions_1
    libinit.o(.ARM.Collect$$libinit$$00000000) refers (Special) to libinit2.o(.ARM.Collect$$libinit$$00000001) for __rt_lib_init_fp_1
    libinit.o(.ARM.Collect$$libinit$$00000000) refers (Special) to libinit2.o(.ARM.Collect$$libinit$$0000001F) for __rt_lib_init_fp_trap_1
    libinit.o(.ARM.Collect$$libinit$$00000000) refers (Special) to libinit2.o(.ARM.Collect$$libinit$$00000023) for __rt_lib_init_getenv_1
    libinit.o(.ARM.Collect$$libinit$$00000000) refers (Special) to libinit2.o(.ARM.Collect$$libinit$$0000000A) for __rt_lib_init_heap_1
    libinit.o(.ARM.Collect$$libinit$$00000000) refers (Special) to libinit2.o(.ARM.Collect$$libinit$$00000011) for __rt_lib_init_lc_collate_1
    libinit.o(.ARM.Collect$$libinit$$00000000) refers (Special) to libinit2.o(.ARM.Collect$$libinit$$00000013) for __rt_lib_init_lc_ctype_1
    libinit.o(.ARM.Collect$$libinit$$00000000) refers (Special) to libinit2.o(.ARM.Collect$$libinit$$00000015) for __rt_lib_init_lc_monetary_1
    libinit.o(.ARM.Collect$$libinit$$00000000) refers (Special) to libinit2.o(.ARM.Collect$$libinit$$00000017) for __rt_lib_init_lc_numeric_1
    libinit.o(.ARM.Collect$$libinit$$00000000) refers (Special) to libinit2.o(.ARM.Collect$$libinit$$00000019) for __rt_lib_init_lc_time_1
    libinit.o(.ARM.Collect$$libinit$$00000000) refers (Special) to libinit2.o(.ARM.Collect$$libinit$$00000004) for __rt_lib_init_preinit_1
    libinit.o(.ARM.Collect$$libinit$$00000000) refers (Special) to libinit2.o(.ARM.Collect$$libinit$$0000000E) for __rt_lib_init_rand_1
    libinit.o(.ARM.Collect$$libinit$$00000000) refers (Special) to libinit2.o(.ARM.Collect$$libinit$$00000033) for __rt_lib_init_return
    libinit.o(.ARM.Collect$$libinit$$00000000) refers (Special) to libinit2.o(.ARM.Collect$$libinit$$0000001D) for __rt_lib_init_signal_1
    libinit.o(.ARM.Collect$$libinit$$00000000) refers (Special) to libinit2.o(.ARM.Collect$$libinit$$00000025) for __rt_lib_init_stdio_1
    libinit.o(.ARM.Collect$$libinit$$00000000) refers (Special) to libinit2.o(.ARM.Collect$$libinit$$0000000C) for __rt_lib_init_user_alloc_1
    libspace.o(.text) refers to libspace.o(.bss) for __libspace_start
    rtexit.o(.ARM.Collect$$rtexit$$00000000) refers (Special) to rtexit2.o(.ARM.Collect$$rtexit$$00000004) for __rt_exit_exit
    rtexit.o(.ARM.Collect$$rtexit$$00000000) refers (Special) to rtexit2.o(.ARM.Collect$$rtexit$$00000003) for __rt_exit_ls
    rtexit.o(.ARM.Collect$$rtexit$$00000000) refers (Special) to rtexit2.o(.ARM.Collect$$rtexit$$00000002) for __rt_exit_prels_1
    rtexit.o(.ARM.exidx) refers (Special) to rtexit2.o(.ARM.Collect$$rtexit$$00000004) for __rt_exit_exit
    rtexit.o(.ARM.exidx) refers (Special) to rtexit2.o(.ARM.Collect$$rtexit$$00000003) for __rt_exit_ls
    rtexit.o(.ARM.exidx) refers (Special) to rtexit2.o(.ARM.Collect$$rtexit$$00000002) for __rt_exit_prels_1
    rtexit.o(.ARM.exidx) refers to rtexit.o(.ARM.Collect$$rtexit$$00000000) for .ARM.Collect$$rtexit$$00000000
    libinit2.o(.ARM.Collect$$libinit$$00000001) refers to fpinit.o(x$fpl$fpinit) for _fp_init
    libinit2.o(.ARM.Collect$$libinit$$00000010) refers to libinit2.o(.ARM.Collect$$libinit$$0000000F) for .ARM.Collect$$libinit$$0000000F
    libinit2.o(.ARM.Collect$$libinit$$00000012) refers to libinit2.o(.ARM.Collect$$libinit$$0000000F) for .ARM.Collect$$libinit$$0000000F
    libinit2.o(.ARM.Collect$$libinit$$00000014) refers to libinit2.o(.ARM.Collect$$libinit$$0000000F) for .ARM.Collect$$libinit$$0000000F
    libinit2.o(.ARM.Collect$$libinit$$00000016) refers to libinit2.o(.ARM.Collect$$libinit$$0000000F) for .ARM.Collect$$libinit$$0000000F
    libinit2.o(.ARM.Collect$$libinit$$00000018) refers to libinit2.o(.ARM.Collect$$libinit$$0000000F) for .ARM.Collect$$libinit$$0000000F
    libinit2.o(.ARM.Collect$$libinit$$00000026) refers to argv_veneer.o(.emb_text) for __ARM_argv_veneer
    libinit2.o(.ARM.Collect$$libinit$$00000027) refers to argv_veneer.o(.emb_text) for __ARM_argv_veneer
    rtexit2.o(.ARM.Collect$$rtexit$$00000003) refers to libshutdown.o(.ARM.Collect$$libshutdown$$00000000) for __rt_lib_shutdown
    rtexit2.o(.ARM.Collect$$rtexit$$00000004) refers to sys_exit.o(.text) for _sys_exit
    rtexit2.o(.ARM.exidx) refers to rtexit2.o(.ARM.Collect$$rtexit$$00000001) for .ARM.Collect$$rtexit$$00000001
    rtexit2.o(.ARM.exidx) refers to rtexit2.o(.ARM.Collect$$rtexit$$00000003) for .ARM.Collect$$rtexit$$00000003
    rtexit2.o(.ARM.exidx) refers to rtexit2.o(.ARM.Collect$$rtexit$$00000004) for .ARM.Collect$$rtexit$$00000004
    argv_veneer.o(.emb_text) refers to no_argv.o(.text) for __ARM_get_argv
    sys_exit.o(.text) refers (Special) to use_no_semi.o(.text) for __I$use$semihosting
    sys_exit.o(.text) refers (Special) to indicate_semi.o(.text) for __semihosting_library_function
    _get_argv_nomalloc.o(.text) refers (Special) to hrguard.o(.text) for __heap_region$guard
    _get_argv_nomalloc.o(.text) refers to defsig_rtmem_outer.o(.text) for __rt_SIGRTMEM
    _get_argv_nomalloc.o(.text) refers to sys_command.o(.text) for _sys_command_string
    libshutdown.o(.ARM.Collect$$libshutdown$$00000000) refers (Special) to libshutdown2.o(.ARM.Collect$$libshutdown$$00000002) for __rt_lib_shutdown_cpp_1
    libshutdown.o(.ARM.Collect$$libshutdown$$00000000) refers (Special) to libshutdown2.o(.ARM.Collect$$libshutdown$$00000007) for __rt_lib_shutdown_fp_trap_1
    libshutdown.o(.ARM.Collect$$libshutdown$$00000000) refers (Special) to libshutdown2.o(.ARM.Collect$$libshutdown$$0000000F) for __rt_lib_shutdown_heap_1
    libshutdown.o(.ARM.Collect$$libshutdown$$00000000) refers (Special) to libshutdown2.o(.ARM.Collect$$libshutdown$$00000010) for __rt_lib_shutdown_return
    libshutdown.o(.ARM.Collect$$libshutdown$$00000000) refers (Special) to libshutdown2.o(.ARM.Collect$$libshutdown$$0000000A) for __rt_lib_shutdown_signal_1
    libshutdown.o(.ARM.Collect$$libshutdown$$00000000) refers (Special) to libshutdown2.o(.ARM.Collect$$libshutdown$$00000004) for __rt_lib_shutdown_stdio_1
    libshutdown.o(.ARM.Collect$$libshutdown$$00000000) refers (Special) to libshutdown2.o(.ARM.Collect$$libshutdown$$0000000C) for __rt_lib_shutdown_user_alloc_1
    sys_command.o(.text) refers (Special) to use_no_semi.o(.text) for __I$use$semihosting
    sys_command.o(.text) refers (Special) to indicate_semi.o(.text) for __semihosting_library_function
    defsig_rtmem_outer.o(.text) refers to defsig_rtmem_inner.o(.text) for __rt_SIGRTMEM_inner
    defsig_rtmem_outer.o(.text) refers to defsig_exit.o(.text) for __sig_exit
    defsig_rtmem_formal.o(.text) refers to rt_raise.o(.text) for __rt_raise
    rt_raise.o(.text) refers to __raise.o(.text) for __raise
    rt_raise.o(.text) refers to sys_exit.o(.text) for _sys_exit
    defsig_exit.o(.text) refers to sys_exit.o(.text) for _sys_exit
    defsig_rtmem_inner.o(.text) refers to defsig_general.o(.text) for __default_signal_display
    __raise.o(.text) refers to defsig.o(CL$$defsig) for __default_signal_handler
    defsig_general.o(.text) refers to sys_wrch.o(.text) for _ttywrch
    sys_wrch.o(.text) refers (Special) to use_no_semi.o(.text) for __I$use$semihosting
    sys_wrch.o(.text) refers (Special) to indicate_semi.o(.text) for __semihosting_library_function
    defsig.o(CL$$defsig) refers to defsig_rtmem_inner.o(.text) for __rt_SIGRTMEM_inner
    defsig_abrt_inner.o(.text) refers to defsig_general.o(.text) for __default_signal_display
    defsig_fpe_inner.o(.text) refers to defsig_general.o(.text) for __default_signal_display
    defsig_rtred_inner.o(.text) refers to defsig_general.o(.text) for __default_signal_display
    defsig_stak_inner.o(.text) refers to defsig_general.o(.text) for __default_signal_display
    defsig_pvfn_inner.o(.text) refers to defsig_general.o(.text) for __default_signal_display
    defsig_cppl_inner.o(.text) refers to defsig_general.o(.text) for __default_signal_display
    defsig_segv_inner.o(.text) refers to defsig_general.o(.text) for __default_signal_display
    defsig_other.o(.text) refers to defsig_general.o(.text) for __default_signal_display


==============================================================================

Removing Unused input sections from the image.

    Removing main_adc.o(.rev16_text), (4 bytes).
    Removing main_adc.o(.revsh_text), (4 bytes).
    Removing main_adc.o(.rrx_text), (6 bytes).
    Removing uart.o(.rev16_text), (4 bytes).
    Removing uart.o(.revsh_text), (4 bytes).
    Removing uart.o(.rrx_text), (6 bytes).
    Removing uart.o(i.uart_getchar), (24 bytes).
    Removing system_mk64f12.o(.rev16_text), (4 bytes).
    Removing system_mk64f12.o(.revsh_text), (4 bytes).
    Removing system_mk64f12.o(.rrx_text), (6 bytes).
    Removing system_mk64f12.o(i.SystemCoreClockUpdate), (344 bytes).
    Removing system_mk64f12.o(.data), (4 bytes).

12 unused section(s) (total 414 bytes) removed from the image.

==============================================================================

Image Symbol Table

    Local Symbols

    Symbol Name                              Value     Ov Type        Size  Object(Section)

    RESET                                    0x00000000   Section     1024  startup_mk64f12.o(RESET)
    ../clib/angel/boardlib.s                 0x00000000   Number         0  boardinit1.o ABSOLUTE
    ../clib/angel/boardlib.s                 0x00000000   Number         0  boardinit2.o ABSOLUTE
    ../clib/angel/boardlib.s                 0x00000000   Number         0  boardinit3.o ABSOLUTE
    ../clib/angel/boardlib.s                 0x00000000   Number         0  boardshut.o ABSOLUTE
    ../clib/angel/handlers.s                 0x00000000   Number         0  __scatter_zi.o ABSOLUTE
    ../clib/angel/kernel.s                   0x00000000   Number         0  __rtentry2.o ABSOLUTE
    ../clib/angel/kernel.s                   0x00000000   Number         0  rtexit.o ABSOLUTE
    ../clib/angel/kernel.s                   0x00000000   Number         0  __rtentry4.o ABSOLUTE
    ../clib/angel/kernel.s                   0x00000000   Number         0  rtexit2.o ABSOLUTE
    ../clib/angel/kernel.s                   0x00000000   Number         0  __rtentry.o ABSOLUTE
    ../clib/angel/rt.s                       0x00000000   Number         0  rt_raise.o ABSOLUTE
    ../clib/angel/scatter.s                  0x00000000   Number         0  __scatter.o ABSOLUTE
    ../clib/angel/startup.s                  0x00000000   Number         0  __main.o ABSOLUTE
    ../clib/angel/sys.s                      0x00000000   Number         0  sys_stackheap_outer.o ABSOLUTE
    ../clib/angel/sys.s                      0x00000000   Number         0  indicate_semi.o ABSOLUTE
    ../clib/angel/sys.s                      0x00000000   Number         0  use_no_semi.o ABSOLUTE
    ../clib/angel/sys.s                      0x00000000   Number         0  libspace.o ABSOLUTE
    ../clib/angel/sysapp.c                   0x00000000   Number         0  sys_wrch.o ABSOLUTE
    ../clib/angel/sysapp.c                   0x00000000   Number         0  sys_command.o ABSOLUTE
    ../clib/angel/sysapp.c                   0x00000000   Number         0  sys_exit.o ABSOLUTE
    ../clib/armsys.c                         0x00000000   Number         0  argv_veneer.o ABSOLUTE
    ../clib/armsys.c                         0x00000000   Number         0  no_argv.o ABSOLUTE
    ../clib/armsys.c                         0x00000000   Number         0  _get_argv_nomalloc.o ABSOLUTE
    ../clib/armsys.c                         0x00000000   Number         0  argv_veneer.o ABSOLUTE
    ../clib/heapalloc.c                      0x00000000   Number         0  hrguard.o ABSOLUTE
    ../clib/heapaux.c                        0x00000000   Number         0  heapauxi.o ABSOLUTE
    ../clib/libinit.s                        0x00000000   Number         0  libshutdown.o ABSOLUTE
    ../clib/libinit.s                        0x00000000   Number         0  libshutdown2.o ABSOLUTE
    ../clib/libinit.s                        0x00000000   Number         0  libinit2.o ABSOLUTE
    ../clib/libinit.s                        0x00000000   Number         0  libinit.o ABSOLUTE
    ../clib/printf.c                         0x00000000   Number         0  _printf_dec.o ABSOLUTE
    ../clib/printf.c                         0x00000000   Number         0  __printf.o ABSOLUTE
    ../clib/printf.c                         0x00000000   Number         0  __printf_nopercent.o ABSOLUTE
    ../clib/printf.c                         0x00000000   Number         0  __printf_flags_ss_wp.o ABSOLUTE
    ../clib/printf.c                         0x00000000   Number         0  _printf_hex_ll_ptr.o ABSOLUTE
    ../clib/printf.c                         0x00000000   Number         0  _sputc.o ABSOLUTE
    ../clib/printf.c                         0x00000000   Number         0  _printf_char_common.o ABSOLUTE
    ../clib/printf.c                         0x00000000   Number         0  _printf_intcommon.o ABSOLUTE
    ../clib/printf.c                         0x00000000   Number         0  noretval__2sprintf.o ABSOLUTE
    ../clib/printf.c                         0x00000000   Number         0  _printf_hex_int_ll.o ABSOLUTE
    ../clib/printf.c                         0x00000000   Number         0  _printf_hex_ptr.o ABSOLUTE
    ../clib/printf.c                         0x00000000   Number         0  _printf_hex_int_ptr.o ABSOLUTE
    ../clib/printf.c                         0x00000000   Number         0  __2sprintf.o ABSOLUTE
    ../clib/printf.c                         0x00000000   Number         0  _printf_hex_int_ll_ptr.o ABSOLUTE
    ../clib/printf.c                         0x00000000   Number         0  __printf_flags.o ABSOLUTE
    ../clib/printf.c                         0x00000000   Number         0  __printf_ss.o ABSOLUTE
    ../clib/printf.c                         0x00000000   Number         0  __printf_wp.o ABSOLUTE
    ../clib/printf.c                         0x00000000   Number         0  __printf_flags_wp.o ABSOLUTE
    ../clib/printf.c                         0x00000000   Number         0  __printf_ss_wp.o ABSOLUTE
    ../clib/printf.c                         0x00000000   Number         0  __printf_flags_ss.o ABSOLUTE
    ../clib/printf.c                         0x00000000   Number         0  _printf_hex_int.o ABSOLUTE
    ../clib/printf.c                         0x00000000   Number         0  _printf_hex_ll.o ABSOLUTE
    ../clib/printf_percent.s                 0x00000000   Number         0  _printf_percent_end.o ABSOLUTE
    ../clib/printf_percent.s                 0x00000000   Number         0  _printf_x.o ABSOLUTE
    ../clib/printf_percent.s                 0x00000000   Number         0  _printf_percent.o ABSOLUTE
    ../clib/printf_percent.s                 0x00000000   Number         0  _printf_d.o ABSOLUTE
    ../clib/signal.c                         0x00000000   Number         0  defsig_rtmem_formal.o ABSOLUTE
    ../clib/signal.c                         0x00000000   Number         0  defsig_rtmem_outer.o ABSOLUTE
    ../clib/signal.c                         0x00000000   Number         0  defsig_exit.o ABSOLUTE
    ../clib/signal.c                         0x00000000   Number         0  defsig_rtmem_inner.o ABSOLUTE
    ../clib/signal.c                         0x00000000   Number         0  __raise.o ABSOLUTE
    ../clib/signal.c                         0x00000000   Number         0  defsig_general.o ABSOLUTE
    ../clib/signal.c                         0x00000000   Number         0  defsig_abrt_inner.o ABSOLUTE
    ../clib/signal.c                         0x00000000   Number         0  defsig_fpe_inner.o ABSOLUTE
    ../clib/signal.c                         0x00000000   Number         0  defsig_rtred_inner.o ABSOLUTE
    ../clib/signal.c                         0x00000000   Number         0  defsig_stak_inner.o ABSOLUTE
    ../clib/signal.c                         0x00000000   Number         0  defsig_pvfn_inner.o ABSOLUTE
    ../clib/signal.c                         0x00000000   Number         0  defsig_cppl_inner.o ABSOLUTE
    ../clib/signal.c                         0x00000000   Number         0  defsig_segv_inner.o ABSOLUTE
    ../clib/signal.c                         0x00000000   Number         0  defsig_other.o ABSOLUTE
    ../clib/signal.s                         0x00000000   Number         0  defsig.o ABSOLUTE
    ../clib/stdlib.c                         0x00000000   Number         0  exit.o ABSOLUTE
    ../fplib/fpinit.s                        0x00000000   Number         0  fpinit.o ABSOLUTE
    RTE\Device\MK64FN1M0xxx12\startup_MK64F12.s 0x00000000   Number         0  startup_mk64f12.o ABSOLUTE
    RTE\Device\MK64FN1M0xxx12\system_MK64F12.c 0x00000000   Number         0  system_mk64f12.o ABSOLUTE
    RTE\\Device\\MK64FN1M0xxx12\\system_MK64F12.c 0x00000000   Number         0  system_mk64f12.o ABSOLUTE
    dc.s                                     0x00000000   Number         0  dc.o ABSOLUTE
    main_adc.c                               0x00000000   Number         0  main_adc.o ABSOLUTE
    main_adc.c                               0x00000000   Number         0  main_adc.o ABSOLUTE
    uart.c                                   0x00000000   Number         0  uart.o ABSOLUTE
    uart.c                                   0x00000000   Number         0  uart.o ABSOLUTE
    .ARM.__at_0x400                          0x00000400   Section       16  startup_mk64f12.o(.ARM.__at_0x400)
    !!!main                                  0x00000410   Section        8  __main.o(!!!main)
    !!!scatter                               0x00000418   Section       52  __scatter.o(!!!scatter)
    !!handler_zi                             0x0000044c   Section       28  __scatter_zi.o(!!handler_zi)
    .ARM.Collect$$_printf_percent$$00000000  0x00000468   Section        0  _printf_percent.o(.ARM.Collect$$_printf_percent$$00000000)
    .ARM.Collect$$_printf_percent$$00000009  0x00000468   Section        6  _printf_d.o(.ARM.Collect$$_printf_percent$$00000009)
    .ARM.Collect$$_printf_percent$$0000000C  0x0000046e   Section        6  _printf_x.o(.ARM.Collect$$_printf_percent$$0000000C)
    .ARM.Collect$$_printf_percent$$00000017  0x00000474   Section        4  _printf_percent_end.o(.ARM.Collect$$_printf_percent$$00000017)
    .ARM.Collect$$libinit$$00000000          0x00000478   Section        2  libinit.o(.ARM.Collect$$libinit$$00000000)
    .ARM.Collect$$libinit$$00000001          0x0000047a   Section        4  libinit2.o(.ARM.Collect$$libinit$$00000001)
    .ARM.Collect$$libinit$$00000004          0x0000047e   Section        0  libinit2.o(.ARM.Collect$$libinit$$00000004)
    .ARM.Collect$$libinit$$0000000A          0x0000047e   Section        0  libinit2.o(.ARM.Collect$$libinit$$0000000A)
    .ARM.Collect$$libinit$$0000000C          0x0000047e   Section        0  libinit2.o(.ARM.Collect$$libinit$$0000000C)
    .ARM.Collect$$libinit$$0000000E          0x0000047e   Section        0  libinit2.o(.ARM.Collect$$libinit$$0000000E)
    .ARM.Collect$$libinit$$00000011          0x0000047e   Section        0  libinit2.o(.ARM.Collect$$libinit$$00000011)
    .ARM.Collect$$libinit$$00000013          0x0000047e   Section        0  libinit2.o(.ARM.Collect$$libinit$$00000013)
    .ARM.Collect$$libinit$$00000015          0x0000047e   Section        0  libinit2.o(.ARM.Collect$$libinit$$00000015)
    .ARM.Collect$$libinit$$00000017          0x0000047e   Section        0  libinit2.o(.ARM.Collect$$libinit$$00000017)
    .ARM.Collect$$libinit$$00000019          0x0000047e   Section        0  libinit2.o(.ARM.Collect$$libinit$$00000019)
    .ARM.Collect$$libinit$$0000001B          0x0000047e   Section        0  libinit2.o(.ARM.Collect$$libinit$$0000001B)
    .ARM.Collect$$libinit$$0000001D          0x0000047e   Section        0  libinit2.o(.ARM.Collect$$libinit$$0000001D)
    .ARM.Collect$$libinit$$0000001F          0x0000047e   Section        0  libinit2.o(.ARM.Collect$$libinit$$0000001F)
    .ARM.Collect$$libinit$$00000021          0x0000047e   Section        0  libinit2.o(.ARM.Collect$$libinit$$00000021)
    .ARM.Collect$$libinit$$00000023          0x0000047e   Section        0  libinit2.o(.ARM.Collect$$libinit$$00000023)
    .ARM.Collect$$libinit$$00000025          0x0000047e   Section        0  libinit2.o(.ARM.Collect$$libinit$$00000025)
    .ARM.Collect$$libinit$$0000002C          0x0000047e   Section        0  libinit2.o(.ARM.Collect$$libinit$$0000002C)
    .ARM.Collect$$libinit$$0000002E          0x0000047e   Section        0  libinit2.o(.ARM.Collect$$libinit$$0000002E)
    .ARM.Collect$$libinit$$00000030          0x0000047e   Section        0  libinit2.o(.ARM.Collect$$libinit$$00000030)
    .ARM.Collect$$libinit$$00000032          0x0000047e   Section        0  libinit2.o(.ARM.Collect$$libinit$$00000032)
    .ARM.Collect$$libinit$$00000033          0x0000047e   Section        2  libinit2.o(.ARM.Collect$$libinit$$00000033)
    .ARM.Collect$$libshutdown$$00000000      0x00000480   Section        2  libshutdown.o(.ARM.Collect$$libshutdown$$00000000)
    .ARM.Collect$$libshutdown$$00000002      0x00000482   Section        0  libshutdown2.o(.ARM.Collect$$libshutdown$$00000002)
    .ARM.Collect$$libshutdown$$00000004      0x00000482   Section        0  libshutdown2.o(.ARM.Collect$$libshutdown$$00000004)
    .ARM.Collect$$libshutdown$$00000007      0x00000482   Section        0  libshutdown2.o(.ARM.Collect$$libshutdown$$00000007)
    .ARM.Collect$$libshutdown$$0000000A      0x00000482   Section        0  libshutdown2.o(.ARM.Collect$$libshutdown$$0000000A)
    .ARM.Collect$$libshutdown$$0000000C      0x00000482   Section        0  libshutdown2.o(.ARM.Collect$$libshutdown$$0000000C)
    .ARM.Collect$$libshutdown$$0000000F      0x00000482   Section        0  libshutdown2.o(.ARM.Collect$$libshutdown$$0000000F)
    .ARM.Collect$$libshutdown$$00000010      0x00000482   Section        2  libshutdown2.o(.ARM.Collect$$libshutdown$$00000010)
    .ARM.Collect$$rtentry$$00000000          0x00000484   Section        0  __rtentry.o(.ARM.Collect$$rtentry$$00000000)
    .ARM.Collect$$rtentry$$00000002          0x00000484   Section        0  __rtentry2.o(.ARM.Collect$$rtentry$$00000002)
    .ARM.Collect$$rtentry$$00000004          0x00000484   Section        6  __rtentry4.o(.ARM.Collect$$rtentry$$00000004)
    .ARM.Collect$$rtentry$$00000009          0x0000048a   Section        0  __rtentry2.o(.ARM.Collect$$rtentry$$00000009)
    .ARM.Collect$$rtentry$$0000000A          0x0000048a   Section        4  __rtentry2.o(.ARM.Collect$$rtentry$$0000000A)
    .ARM.Collect$$rtentry$$0000000C          0x0000048e   Section        0  __rtentry2.o(.ARM.Collect$$rtentry$$0000000C)
    .ARM.Collect$$rtentry$$0000000D          0x0000048e   Section        8  __rtentry2.o(.ARM.Collect$$rtentry$$0000000D)
    .ARM.Collect$$rtexit$$00000000           0x00000496   Section        2  rtexit.o(.ARM.Collect$$rtexit$$00000000)
    .ARM.Collect$$rtexit$$00000002           0x00000498   Section        0  rtexit2.o(.ARM.Collect$$rtexit$$00000002)
    .ARM.Collect$$rtexit$$00000003           0x00000498   Section        4  rtexit2.o(.ARM.Collect$$rtexit$$00000003)
    .ARM.Collect$$rtexit$$00000004           0x0000049c   Section        6  rtexit2.o(.ARM.Collect$$rtexit$$00000004)
    .text                                    0x000004a4   Section       72  startup_mk64f12.o(.text)
    $v0                                      0x000004a4   Number         0  startup_mk64f12.o(.text)
    .text                                    0x000004ec   Section        0  noretval__2sprintf.o(.text)
    .text                                    0x00000514   Section        0  __printf.o(.text)
    .text                                    0x0000057c   Section        0  _printf_dec.o(.text)
    .text                                    0x000005f4   Section        0  _printf_hex_int.o(.text)
    .text                                    0x0000064c   Section        0  heapauxi.o(.text)
    .text                                    0x00000652   Section        0  _printf_intcommon.o(.text)
    .text                                    0x00000704   Section        0  _printf_char_common.o(.text)
    _printf_input_char                       0x00000705   Thumb Code    10  _printf_char_common.o(.text)
    .text                                    0x00000734   Section        0  _sputc.o(.text)
    .text                                    0x0000073e   Section       74  sys_stackheap_outer.o(.text)
    .text                                    0x00000788   Section        0  exit.o(.text)
    .text                                    0x0000079c   Section        8  libspace.o(.text)
    .text                                    0x000007a4   Section        0  sys_exit.o(.text)
    .text                                    0x000007b0   Section        2  use_no_semi.o(.text)
    .text                                    0x000007b2   Section        0  indicate_semi.o(.text)
    i.ADC1_INIT                              0x000007b4   Section        0  main_adc.o(i.ADC1_INIT)
    i.ADC1_IRQHandler                        0x0000083c   Section        0  main_adc.o(i.ADC1_IRQHandler)
    i.DAC0_INIT                              0x00000858   Section        0  main_adc.o(i.DAC0_INIT)
    i.PDB_INIT                               0x00000880   Section        0  main_adc.o(i.PDB_INIT)
    i.SystemInit                             0x000008ac   Section        0  system_mk64f12.o(i.SystemInit)
    i.main                                   0x0000094c   Section        0  main_adc.o(i.main)
    i.put                                    0x000009c0   Section        0  uart.o(i.put)
    i.uart_init                              0x000009d8   Section        0  uart.o(i.uart_init)
    i.uart_putchar                           0x00000a74   Section        0  uart.o(i.uart_putchar)
    x$fpl$fpinit                             0x00000a8c   Section       10  fpinit.o(x$fpl$fpinit)
    $v0                                      0x00000a8c   Number         0  fpinit.o(x$fpl$fpinit)
    .constdata                               0x00000a96   Section       40  _printf_hex_int.o(.constdata)
    uc_hextab                                0x00000a96   Data          20  _printf_hex_int.o(.constdata)
    lc_hextab                                0x00000aaa   Data          20  _printf_hex_int.o(.constdata)
    .bss                                     0x20000000   Section       96  libspace.o(.bss)
    HEAP                                     0x20000060   Section        0  startup_mk64f12.o(HEAP)
    STACK                                    0x20000060   Section     1024  startup_mk64f12.o(STACK)
    Heap_Mem                                 0x20000060   Data           0  startup_mk64f12.o(HEAP)
    Stack_Mem                                0x20000060   Data        1024  startup_mk64f12.o(STACK)
    __initial_sp                             0x20000460   Data           0  startup_mk64f12.o(STACK)

    Global Symbols

    Symbol Name                              Value     Ov Type        Size  Object(Section)

    BuildAttributes$$THM_ISAv4$E$P$D$K$B$S$7EM$VFPi3$EXTD16$VFPS$VFMA$PE$A:L22UL41UL21$X:L11$S22US41US21$IEEE1$IW$USESV6$~STKCKD$USESV7$~SHL$OSPACE$ROPI$EBA8$UX$STANDARDLIB$REQ8$PRES8$EABIv2 0x00000000   Number         0  anon$$obj.o ABSOLUTE
    __ARM_use_no_argv                        0x00000000   Number         0  main_adc.o ABSOLUTE
    __Vectors                                0x00000000   Data           4  startup_mk64f12.o(RESET)
    __ARM_exceptions_init                     - Undefined Weak Reference
    __alloca_initialize                       - Undefined Weak Reference
    __arm_preinit_                            - Undefined Weak Reference
    __cpp_initialize__aeabi_                  - Undefined Weak Reference
    __cxa_finalize                            - Undefined Weak Reference
    __rt_locale                               - Undefined Weak Reference
    __sigvec_lookup                           - Undefined Weak Reference
    _atexit_init                              - Undefined Weak Reference
    _call_atexit_fns                          - Undefined Weak Reference
    _clock_init                               - Undefined Weak Reference
    _fp_trap_init                             - Undefined Weak Reference
    _fp_trap_shutdown                         - Undefined Weak Reference
    _get_lc_collate                           - Undefined Weak Reference
    _get_lc_ctype                             - Undefined Weak Reference
    _get_lc_monetary                          - Undefined Weak Reference
    _get_lc_numeric                           - Undefined Weak Reference
    _get_lc_time                              - Undefined Weak Reference
    _getenv_init                              - Undefined Weak Reference
    _handle_redirection                       - Undefined Weak Reference
    _init_alloc                               - Undefined Weak Reference
    _init_user_alloc                          - Undefined Weak Reference
    _initio                                   - Undefined Weak Reference
    _printf_post_padding                      - Undefined Weak Reference
    _printf_pre_padding                       - Undefined Weak Reference
    _printf_truncate_signed                   - Undefined Weak Reference
    _printf_truncate_unsigned                 - Undefined Weak Reference
    _rand_init                                - Undefined Weak Reference
    _signal_finish                            - Undefined Weak Reference
    _signal_init                              - Undefined Weak Reference
    _terminate_alloc                          - Undefined Weak Reference
    _terminate_user_alloc                     - Undefined Weak Reference
    _terminateio                              - Undefined Weak Reference
    __Vectors_End                            0x00000400   Data           0  startup_mk64f12.o(RESET)
    __Vectors_Size                           0x00000400   Number         0  startup_mk64f12.o ABSOLUTE
    __main                                   0x00000411   Thumb Code     8  __main.o(!!!main)
    __scatterload                            0x00000419   Thumb Code     0  __scatter.o(!!!scatter)
    __scatterload_rt2                        0x00000419   Thumb Code    44  __scatter.o(!!!scatter)
    __scatterload_rt2_thumb_only             0x00000419   Thumb Code     0  __scatter.o(!!!scatter)
    __scatterload_null                       0x00000427   Thumb Code     0  __scatter.o(!!!scatter)
    __scatterload_zeroinit                   0x0000044d   Thumb Code    28  __scatter_zi.o(!!handler_zi)
    _printf_d                                0x00000469   Thumb Code     0  _printf_d.o(.ARM.Collect$$_printf_percent$$00000009)
    _printf_percent                          0x00000469   Thumb Code     0  _printf_percent.o(.ARM.Collect$$_printf_percent$$00000000)
    _printf_x                                0x0000046f   Thumb Code     0  _printf_x.o(.ARM.Collect$$_printf_percent$$0000000C)
    _printf_percent_end                      0x00000475   Thumb Code     0  _printf_percent_end.o(.ARM.Collect$$_printf_percent$$00000017)
    __rt_lib_init                            0x00000479   Thumb Code     0  libinit.o(.ARM.Collect$$libinit$$00000000)
    __rt_lib_init_fp_1                       0x0000047b   Thumb Code     0  libinit2.o(.ARM.Collect$$libinit$$00000001)
    __rt_lib_init_alloca_1                   0x0000047f   Thumb Code     0  libinit2.o(.ARM.Collect$$libinit$$0000002E)
    __rt_lib_init_argv_1                     0x0000047f   Thumb Code     0  libinit2.o(.ARM.Collect$$libinit$$0000002C)
    __rt_lib_init_atexit_1                   0x0000047f   Thumb Code     0  libinit2.o(.ARM.Collect$$libinit$$0000001B)
    __rt_lib_init_clock_1                    0x0000047f   Thumb Code     0  libinit2.o(.ARM.Collect$$libinit$$00000021)
    __rt_lib_init_cpp_1                      0x0000047f   Thumb Code     0  libinit2.o(.ARM.Collect$$libinit$$00000032)
    __rt_lib_init_exceptions_1               0x0000047f   Thumb Code     0  libinit2.o(.ARM.Collect$$libinit$$00000030)
    __rt_lib_init_fp_trap_1                  0x0000047f   Thumb Code     0  libinit2.o(.ARM.Collect$$libinit$$0000001F)
    __rt_lib_init_getenv_1                   0x0000047f   Thumb Code     0  libinit2.o(.ARM.Collect$$libinit$$00000023)
    __rt_lib_init_heap_1                     0x0000047f   Thumb Code     0  libinit2.o(.ARM.Collect$$libinit$$0000000A)
    __rt_lib_init_lc_collate_1               0x0000047f   Thumb Code     0  libinit2.o(.ARM.Collect$$libinit$$00000011)
    __rt_lib_init_lc_ctype_1                 0x0000047f   Thumb Code     0  libinit2.o(.ARM.Collect$$libinit$$00000013)
    __rt_lib_init_lc_monetary_1              0x0000047f   Thumb Code     0  libinit2.o(.ARM.Collect$$libinit$$00000015)
    __rt_lib_init_lc_numeric_1               0x0000047f   Thumb Code     0  libinit2.o(.ARM.Collect$$libinit$$00000017)
    __rt_lib_init_lc_time_1                  0x0000047f   Thumb Code     0  libinit2.o(.ARM.Collect$$libinit$$00000019)
    __rt_lib_init_preinit_1                  0x0000047f   Thumb Code     0  libinit2.o(.ARM.Collect$$libinit$$00000004)
    __rt_lib_init_rand_1                     0x0000047f   Thumb Code     0  libinit2.o(.ARM.Collect$$libinit$$0000000E)
    __rt_lib_init_return                     0x0000047f   Thumb Code     0  libinit2.o(.ARM.Collect$$libinit$$00000033)
    __rt_lib_init_signal_1                   0x0000047f   Thumb Code     0  libinit2.o(.ARM.Collect$$libinit$$0000001D)
    __rt_lib_init_stdio_1                    0x0000047f   Thumb Code     0  libinit2.o(.ARM.Collect$$libinit$$00000025)
    __rt_lib_init_user_alloc_1               0x0000047f   Thumb Code     0  libinit2.o(.ARM.Collect$$libinit$$0000000C)
    __rt_lib_shutdown                        0x00000481   Thumb Code     0  libshutdown.o(.ARM.Collect$$libshutdown$$00000000)
    __rt_lib_shutdown_cpp_1                  0x00000483   Thumb Code     0  libshutdown2.o(.ARM.Collect$$libshutdown$$00000002)
    __rt_lib_shutdown_fp_trap_1              0x00000483   Thumb Code     0  libshutdown2.o(.ARM.Collect$$libshutdown$$00000007)
    __rt_lib_shutdown_heap_1                 0x00000483   Thumb Code     0  libshutdown2.o(.ARM.Collect$$libshutdown$$0000000F)
    __rt_lib_shutdown_return                 0x00000483   Thumb Code     0  libshutdown2.o(.ARM.Collect$$libshutdown$$00000010)
    __rt_lib_shutdown_signal_1               0x00000483   Thumb Code     0  libshutdown2.o(.ARM.Collect$$libshutdown$$0000000A)
    __rt_lib_shutdown_stdio_1                0x00000483   Thumb Code     0  libshutdown2.o(.ARM.Collect$$libshutdown$$00000004)
    __rt_lib_shutdown_user_alloc_1           0x00000483   Thumb Code     0  libshutdown2.o(.ARM.Collect$$libshutdown$$0000000C)
    __rt_entry                               0x00000485   Thumb Code     0  __rtentry.o(.ARM.Collect$$rtentry$$00000000)
    __rt_entry_presh_1                       0x00000485   Thumb Code     0  __rtentry2.o(.ARM.Collect$$rtentry$$00000002)
    __rt_entry_sh                            0x00000485   Thumb Code     0  __rtentry4.o(.ARM.Collect$$rtentry$$00000004)
    __rt_entry_li                            0x0000048b   Thumb Code     0  __rtentry2.o(.ARM.Collect$$rtentry$$0000000A)
    __rt_entry_postsh_1                      0x0000048b   Thumb Code     0  __rtentry2.o(.ARM.Collect$$rtentry$$00000009)
    __rt_entry_main                          0x0000048f   Thumb Code     0  __rtentry2.o(.ARM.Collect$$rtentry$$0000000D)
    __rt_entry_postli_1                      0x0000048f   Thumb Code     0  __rtentry2.o(.ARM.Collect$$rtentry$$0000000C)
    __rt_exit                                0x00000497   Thumb Code     0  rtexit.o(.ARM.Collect$$rtexit$$00000000)
    __rt_exit_ls                             0x00000499   Thumb Code     0  rtexit2.o(.ARM.Collect$$rtexit$$00000003)
    __rt_exit_prels_1                        0x00000499   Thumb Code     0  rtexit2.o(.ARM.Collect$$rtexit$$00000002)
    __rt_exit_exit                           0x0000049d   Thumb Code     0  rtexit2.o(.ARM.Collect$$rtexit$$00000004)
    init_data_bss                            0x000004a5   Thumb Code     2  startup_mk64f12.o(.text)
    Reset_Handler                            0x000004a7   Thumb Code    12  startup_mk64f12.o(.text)
    NMI_Handler                              0x000004b3   Thumb Code     2  startup_mk64f12.o(.text)
    HardFault_Handler                        0x000004b5   Thumb Code     2  startup_mk64f12.o(.text)
    MemManage_Handler                        0x000004b7   Thumb Code     2  startup_mk64f12.o(.text)
    BusFault_Handler                         0x000004b9   Thumb Code     2  startup_mk64f12.o(.text)
    UsageFault_Handler                       0x000004bb   Thumb Code     2  startup_mk64f12.o(.text)
    SVC_Handler                              0x000004bd   Thumb Code     2  startup_mk64f12.o(.text)
    DebugMon_Handler                         0x000004bf   Thumb Code     2  startup_mk64f12.o(.text)
    PendSV_Handler                           0x000004c1   Thumb Code     2  startup_mk64f12.o(.text)
    SysTick_Handler                          0x000004c3   Thumb Code     2  startup_mk64f12.o(.text)
    ADC0_IRQHandler                          0x000004c5   Thumb Code     0  startup_mk64f12.o(.text)
    CAN0_Bus_Off_IRQHandler                  0x000004c5   Thumb Code     0  startup_mk64f12.o(.text)
    CAN0_Error_IRQHandler                    0x000004c5   Thumb Code     0  startup_mk64f12.o(.text)
    CAN0_ORed_Message_buffer_IRQHandler      0x000004c5   Thumb Code     0  startup_mk64f12.o(.text)
    CAN0_Rx_Warning_IRQHandler               0x000004c5   Thumb Code     0  startup_mk64f12.o(.text)
    CAN0_Tx_Warning_IRQHandler               0x000004c5   Thumb Code     0  startup_mk64f12.o(.text)
    CAN0_Wake_Up_IRQHandler                  0x000004c5   Thumb Code     0  startup_mk64f12.o(.text)
    CMP0_IRQHandler                          0x000004c5   Thumb Code     0  startup_mk64f12.o(.text)
    CMP1_IRQHandler                          0x000004c5   Thumb Code     0  startup_mk64f12.o(.text)
    CMP2_IRQHandler                          0x000004c5   Thumb Code     0  startup_mk64f12.o(.text)
    CMT_IRQHandler                           0x000004c5   Thumb Code     0  startup_mk64f12.o(.text)
    DAC0_IRQHandler                          0x000004c5   Thumb Code     0  startup_mk64f12.o(.text)
    DAC1_IRQHandler                          0x000004c5   Thumb Code     0  startup_mk64f12.o(.text)
    DMA0_IRQHandler                          0x000004c5   Thumb Code     0  startup_mk64f12.o(.text)
    DMA10_IRQHandler                         0x000004c5   Thumb Code     0  startup_mk64f12.o(.text)
    DMA11_IRQHandler                         0x000004c5   Thumb Code     0  startup_mk64f12.o(.text)
    DMA12_IRQHandler                         0x000004c5   Thumb Code     0  startup_mk64f12.o(.text)
    DMA13_IRQHandler                         0x000004c5   Thumb Code     0  startup_mk64f12.o(.text)
    DMA14_IRQHandler                         0x000004c5   Thumb Code     0  startup_mk64f12.o(.text)
    DMA15_IRQHandler                         0x000004c5   Thumb Code     0  startup_mk64f12.o(.text)
    DMA1_IRQHandler                          0x000004c5   Thumb Code     0  startup_mk64f12.o(.text)
    DMA2_IRQHandler                          0x000004c5   Thumb Code     0  startup_mk64f12.o(.text)
    DMA3_IRQHandler                          0x000004c5   Thumb Code     0  startup_mk64f12.o(.text)
    DMA4_IRQHandler                          0x000004c5   Thumb Code     0  startup_mk64f12.o(.text)
    DMA5_IRQHandler                          0x000004c5   Thumb Code     0  startup_mk64f12.o(.text)
    DMA6_IRQHandler                          0x000004c5   Thumb Code     0  startup_mk64f12.o(.text)
    DMA7_IRQHandler                          0x000004c5   Thumb Code     0  startup_mk64f12.o(.text)
    DMA8_IRQHandler                          0x000004c5   Thumb Code     0  startup_mk64f12.o(.text)
    DMA9_IRQHandler                          0x000004c5   Thumb Code     0  startup_mk64f12.o(.text)
    DMA_Error_IRQHandler                     0x000004c5   Thumb Code     0  startup_mk64f12.o(.text)
    DefaultISR                               0x000004c5   Thumb Code     0  startup_mk64f12.o(.text)
    ENET_1588_Timer_IRQHandler               0x000004c5   Thumb Code     0  startup_mk64f12.o(.text)
    ENET_Error_IRQHandler                    0x000004c5   Thumb Code     0  startup_mk64f12.o(.text)
    ENET_Receive_IRQHandler                  0x000004c5   Thumb Code     0  startup_mk64f12.o(.text)
    ENET_Transmit_IRQHandler                 0x000004c5   Thumb Code     0  startup_mk64f12.o(.text)
    FTFE_IRQHandler                          0x000004c5   Thumb Code     0  startup_mk64f12.o(.text)
    FTM0_IRQHandler                          0x000004c5   Thumb Code     0  startup_mk64f12.o(.text)
    FTM1_IRQHandler                          0x000004c5   Thumb Code     0  startup_mk64f12.o(.text)
    FTM2_IRQHandler                          0x000004c5   Thumb Code     0  startup_mk64f12.o(.text)
    FTM3_IRQHandler                          0x000004c5   Thumb Code     0  startup_mk64f12.o(.text)
    I2C0_IRQHandler                          0x000004c5   Thumb Code     0  startup_mk64f12.o(.text)
    I2C1_IRQHandler                          0x000004c5   Thumb Code     0  startup_mk64f12.o(.text)
    I2C2_IRQHandler                          0x000004c5   Thumb Code     0  startup_mk64f12.o(.text)
    I2S0_Rx_IRQHandler                       0x000004c5   Thumb Code     0  startup_mk64f12.o(.text)
    I2S0_Tx_IRQHandler                       0x000004c5   Thumb Code     0  startup_mk64f12.o(.text)
    LLW_IRQHandler                           0x000004c5   Thumb Code     0  startup_mk64f12.o(.text)
    LPTimer_IRQHandler                       0x000004c5   Thumb Code     0  startup_mk64f12.o(.text)
    LVD_LVW_IRQHandler                       0x000004c5   Thumb Code     0  startup_mk64f12.o(.text)
    MCG_IRQHandler                           0x000004c5   Thumb Code     0  startup_mk64f12.o(.text)
    MCM_IRQHandler                           0x000004c5   Thumb Code     0  startup_mk64f12.o(.text)
    PDB0_IRQHandler                          0x000004c5   Thumb Code     0  startup_mk64f12.o(.text)
    PIT0_IRQHandler                          0x000004c5   Thumb Code     0  startup_mk64f12.o(.text)
    PIT1_IRQHandler                          0x000004c5   Thumb Code     0  startup_mk64f12.o(.text)
    PIT2_IRQHandler                          0x000004c5   Thumb Code     0  startup_mk64f12.o(.text)
    PIT3_IRQHandler                          0x000004c5   Thumb Code     0  startup_mk64f12.o(.text)
    PORTA_IRQHandler                         0x000004c5   Thumb Code     0  startup_mk64f12.o(.text)
    PORTB_IRQHandler                         0x000004c5   Thumb Code     0  startup_mk64f12.o(.text)
    PORTC_IRQHandler                         0x000004c5   Thumb Code     0  startup_mk64f12.o(.text)
    PORTD_IRQHandler                         0x000004c5   Thumb Code     0  startup_mk64f12.o(.text)
    PORTE_IRQHandler                         0x000004c5   Thumb Code     0  startup_mk64f12.o(.text)
    RNG_IRQHandler                           0x000004c5   Thumb Code     0  startup_mk64f12.o(.text)
    RTC_IRQHandler                           0x000004c5   Thumb Code     0  startup_mk64f12.o(.text)
    RTC_Seconds_IRQHandler                   0x000004c5   Thumb Code     0  startup_mk64f12.o(.text)
    Read_Collision_IRQHandler                0x000004c5   Thumb Code     0  startup_mk64f12.o(.text)
    Reserved71_IRQHandler                    0x000004c5   Thumb Code     0  startup_mk64f12.o(.text)
    SDHC_IRQHandler                          0x000004c5   Thumb Code     0  startup_mk64f12.o(.text)
    SPI0_IRQHandler                          0x000004c5   Thumb Code     0  startup_mk64f12.o(.text)
    SPI1_IRQHandler                          0x000004c5   Thumb Code     0  startup_mk64f12.o(.text)
    SPI2_IRQHandler                          0x000004c5   Thumb Code     0  startup_mk64f12.o(.text)
    SWI_IRQHandler                           0x000004c5   Thumb Code     0  startup_mk64f12.o(.text)
    UART0_ERR_IRQHandler                     0x000004c5   Thumb Code     0  startup_mk64f12.o(.text)
    UART0_LON_IRQHandler                     0x000004c5   Thumb Code     0  startup_mk64f12.o(.text)
    UART0_RX_TX_IRQHandler                   0x000004c5   Thumb Code     0  startup_mk64f12.o(.text)
    UART1_ERR_IRQHandler                     0x000004c5   Thumb Code     0  startup_mk64f12.o(.text)
    UART1_RX_TX_IRQHandler                   0x000004c5   Thumb Code     0  startup_mk64f12.o(.text)
    UART2_ERR_IRQHandler                     0x000004c5   Thumb Code     0  startup_mk64f12.o(.text)
    UART2_RX_TX_IRQHandler                   0x000004c5   Thumb Code     0  startup_mk64f12.o(.text)
    UART3_ERR_IRQHandler                     0x000004c5   Thumb Code     0  startup_mk64f12.o(.text)
    UART3_RX_TX_IRQHandler                   0x000004c5   Thumb Code     0  startup_mk64f12.o(.text)
    UART4_ERR_IRQHandler                     0x000004c5   Thumb Code     0  startup_mk64f12.o(.text)
    UART4_RX_TX_IRQHandler                   0x000004c5   Thumb Code     0  startup_mk64f12.o(.text)
    UART5_ERR_IRQHandler                     0x000004c5   Thumb Code     0  startup_mk64f12.o(.text)
    UART5_RX_TX_IRQHandler                   0x000004c5   Thumb Code     0  startup_mk64f12.o(.text)
    USB0_IRQHandler                          0x000004c5   Thumb Code     0  startup_mk64f12.o(.text)
    USBDCD_IRQHandler                        0x000004c5   Thumb Code     0  startup_mk64f12.o(.text)
    Watchdog_IRQHandler                      0x000004c5   Thumb Code     0  startup_mk64f12.o(.text)
    __user_initial_stackheap                 0x000004c9   Thumb Code     0  startup_mk64f12.o(.text)
    __2sprintf                               0x000004ed   Thumb Code    34  noretval__2sprintf.o(.text)
    __printf                                 0x00000515   Thumb Code   104  __printf.o(.text)
    _printf_int_dec                          0x0000057d   Thumb Code   104  _printf_dec.o(.text)
    _printf_int_hex                          0x000005f5   Thumb Code    84  _printf_hex_int.o(.text)
    _printf_longlong_hex                     0x000005f5   Thumb Code     0  _printf_hex_int.o(.text)
    __use_two_region_memory                  0x0000064d   Thumb Code     2  heapauxi.o(.text)
    __rt_heap_escrow$2region                 0x0000064f   Thumb Code     2  heapauxi.o(.text)
    __rt_heap_expand$2region                 0x00000651   Thumb Code     2  heapauxi.o(.text)
    _printf_int_common                       0x00000653   Thumb Code   178  _printf_intcommon.o(.text)
    _printf_char_common                      0x0000070f   Thumb Code    32  _printf_char_common.o(.text)
    _sputc                                   0x00000735   Thumb Code    10  _sputc.o(.text)
    __user_setup_stackheap                   0x0000073f   Thumb Code    74  sys_stackheap_outer.o(.text)
    exit                                     0x00000789   Thumb Code    18  exit.o(.text)
    __user_libspace                          0x0000079d   Thumb Code     8  libspace.o(.text)
    __user_perproc_libspace                  0x0000079d   Thumb Code     0  libspace.o(.text)
    __user_perthread_libspace                0x0000079d   Thumb Code     0  libspace.o(.text)
    _sys_exit                                0x000007a5   Thumb Code     8  sys_exit.o(.text)
    __I$use$semihosting                      0x000007b1   Thumb Code     0  use_no_semi.o(.text)
    __use_no_semihosting_swi                 0x000007b1   Thumb Code     2  use_no_semi.o(.text)
    __semihosting_library_function           0x000007b3   Thumb Code     0  indicate_semi.o(.text)
    ADC1_INIT                                0x000007b5   Thumb Code   128  main_adc.o(i.ADC1_INIT)
    ADC1_IRQHandler                          0x0000083d   Thumb Code    18  main_adc.o(i.ADC1_IRQHandler)
    DAC0_INIT                                0x00000859   Thumb Code    30  main_adc.o(i.DAC0_INIT)
    PDB_INIT                                 0x00000881   Thumb Code    36  main_adc.o(i.PDB_INIT)
    SystemInit                               0x000008ad   Thumb Code   136  system_mk64f12.o(i.SystemInit)
    main                                     0x0000094d   Thumb Code    66  main_adc.o(i.main)
    put                                      0x000009c1   Thumb Code    22  uart.o(i.put)
    uart_init                                0x000009d9   Thumb Code   144  uart.o(i.uart_init)
    uart_putchar                             0x00000a75   Thumb Code    20  uart.o(i.uart_putchar)
    _fp_init                                 0x00000a8d   Thumb Code    10  fpinit.o(x$fpl$fpinit)
    __fplib_config_fpu_vfp                   0x00000a95   Thumb Code     0  fpinit.o(x$fpl$fpinit)
    __fplib_config_pureend_doubles           0x00000a95   Thumb Code     0  fpinit.o(x$fpl$fpinit)
    Region$$Table$$Base                      0x00000ac0   Number         0  anon$$obj.o(Region$$Table)
    Region$$Table$$Limit                     0x00000ad0   Number         0  anon$$obj.o(Region$$Table)
    __libspace_start                         0x20000000   Data          96  libspace.o(.bss)
    __temporary_stack_top$libspace           0x20000060   Data           0  libspace.o(.bss)



==============================================================================

Memory Map of the image

  Image Entry point : 0x000004a7

  Load Region LR_1 (Base: 0x00000000, Size: 0x00000ad0, Max: 0xffffffff, ABSOLUTE)

    Execution Region ER_RO (Exec base: 0x00000000, Load base: 0x00000000, Size: 0x00000ad0, Max: 0xffffffff, ABSOLUTE)

    Exec Addr    Load Addr    Size         Type   Attr      Idx    E Section Name        Object

    0x00000000   0x00000000   0x00000400   Data   RO          130    RESET               startup_mk64f12.o
    0x00000400   0x00000400   0x00000010   Code   RO          131    .ARM.__at_0x400     startup_mk64f12.o
    0x00000410   0x00000410   0x00000008   Code   RO          237  * !!!main             c_w.l(__main.o)
    0x00000418   0x00000418   0x00000034   Code   RO          403    !!!scatter          c_w.l(__scatter.o)
    0x0000044c   0x0000044c   0x0000001c   Code   RO          405    !!handler_zi        c_w.l(__scatter_zi.o)
    0x00000468   0x00000468   0x00000000   Code   RO          234    .ARM.Collect$$_printf_percent$$00000000  c_w.l(_printf_percent.o)
    0x00000468   0x00000468   0x00000006   Code   RO          233    .ARM.Collect$$_printf_percent$$00000009  c_w.l(_printf_d.o)
    0x0000046e   0x0000046e   0x00000006   Code   RO          232    .ARM.Collect$$_printf_percent$$0000000C  c_w.l(_printf_x.o)
    0x00000474   0x00000474   0x00000004   Code   RO          246    .ARM.Collect$$_printf_percent$$00000017  c_w.l(_printf_percent_end.o)
    0x00000478   0x00000478   0x00000002   Code   RO          273    .ARM.Collect$$libinit$$00000000  c_w.l(libinit.o)
    0x0000047a   0x0000047a   0x00000004   Code   RO          279    .ARM.Collect$$libinit$$00000001  c_w.l(libinit2.o)
    0x0000047e   0x0000047e   0x00000000   Code   RO          282    .ARM.Collect$$libinit$$00000004  c_w.l(libinit2.o)
    0x0000047e   0x0000047e   0x00000000   Code   RO          285    .ARM.Collect$$libinit$$0000000A  c_w.l(libinit2.o)
    0x0000047e   0x0000047e   0x00000000   Code   RO          287    .ARM.Collect$$libinit$$0000000C  c_w.l(libinit2.o)
    0x0000047e   0x0000047e   0x00000000   Code   RO          289    .ARM.Collect$$libinit$$0000000E  c_w.l(libinit2.o)
    0x0000047e   0x0000047e   0x00000000   Code   RO          292    .ARM.Collect$$libinit$$00000011  c_w.l(libinit2.o)
    0x0000047e   0x0000047e   0x00000000   Code   RO          294    .ARM.Collect$$libinit$$00000013  c_w.l(libinit2.o)
    0x0000047e   0x0000047e   0x00000000   Code   RO          296    .ARM.Collect$$libinit$$00000015  c_w.l(libinit2.o)
    0x0000047e   0x0000047e   0x00000000   Code   RO          298    .ARM.Collect$$libinit$$00000017  c_w.l(libinit2.o)
    0x0000047e   0x0000047e   0x00000000   Code   RO          300    .ARM.Collect$$libinit$$00000019  c_w.l(libinit2.o)
    0x0000047e   0x0000047e   0x00000000   Code   RO          302    .ARM.Collect$$libinit$$0000001B  c_w.l(libinit2.o)
    0x0000047e   0x0000047e   0x00000000   Code   RO          304    .ARM.Collect$$libinit$$0000001D  c_w.l(libinit2.o)
    0x0000047e   0x0000047e   0x00000000   Code   RO          306    .ARM.Collect$$libinit$$0000001F  c_w.l(libinit2.o)
    0x0000047e   0x0000047e   0x00000000   Code   RO          308    .ARM.Collect$$libinit$$00000021  c_w.l(libinit2.o)
    0x0000047e   0x0000047e   0x00000000   Code   RO          310    .ARM.Collect$$libinit$$00000023  c_w.l(libinit2.o)
    0x0000047e   0x0000047e   0x00000000   Code   RO          312    .ARM.Collect$$libinit$$00000025  c_w.l(libinit2.o)
    0x0000047e   0x0000047e   0x00000000   Code   RO          316    .ARM.Collect$$libinit$$0000002C  c_w.l(libinit2.o)
    0x0000047e   0x0000047e   0x00000000   Code   RO          318    .ARM.Collect$$libinit$$0000002E  c_w.l(libinit2.o)
    0x0000047e   0x0000047e   0x00000000   Code   RO          320    .ARM.Collect$$libinit$$00000030  c_w.l(libinit2.o)
    0x0000047e   0x0000047e   0x00000000   Code   RO          322    .ARM.Collect$$libinit$$00000032  c_w.l(libinit2.o)
    0x0000047e   0x0000047e   0x00000002   Code   RO          323    .ARM.Collect$$libinit$$00000033  c_w.l(libinit2.o)
    0x00000480   0x00000480   0x00000002   Code   RO          343    .ARM.Collect$$libshutdown$$00000000  c_w.l(libshutdown.o)
    0x00000482   0x00000482   0x00000000   Code   RO          356    .ARM.Collect$$libshutdown$$00000002  c_w.l(libshutdown2.o)
    0x00000482   0x00000482   0x00000000   Code   RO          358    .ARM.Collect$$libshutdown$$00000004  c_w.l(libshutdown2.o)
    0x00000482   0x00000482   0x00000000   Code   RO          361    .ARM.Collect$$libshutdown$$00000007  c_w.l(libshutdown2.o)
    0x00000482   0x00000482   0x00000000   Code   RO          364    .ARM.Collect$$libshutdown$$0000000A  c_w.l(libshutdown2.o)
    0x00000482   0x00000482   0x00000000   Code   RO          366    .ARM.Collect$$libshutdown$$0000000C  c_w.l(libshutdown2.o)
    0x00000482   0x00000482   0x00000000   Code   RO          369    .ARM.Collect$$libshutdown$$0000000F  c_w.l(libshutdown2.o)
    0x00000482   0x00000482   0x00000002   Code   RO          370    .ARM.Collect$$libshutdown$$00000010  c_w.l(libshutdown2.o)
    0x00000484   0x00000484   0x00000000   Code   RO          239    .ARM.Collect$$rtentry$$00000000  c_w.l(__rtentry.o)
    0x00000484   0x00000484   0x00000000   Code   RO          248    .ARM.Collect$$rtentry$$00000002  c_w.l(__rtentry2.o)
    0x00000484   0x00000484   0x00000006   Code   RO          260    .ARM.Collect$$rtentry$$00000004  c_w.l(__rtentry4.o)
    0x0000048a   0x0000048a   0x00000000   Code   RO          250    .ARM.Collect$$rtentry$$00000009  c_w.l(__rtentry2.o)
    0x0000048a   0x0000048a   0x00000004   Code   RO          251    .ARM.Collect$$rtentry$$0000000A  c_w.l(__rtentry2.o)
    0x0000048e   0x0000048e   0x00000000   Code   RO          253    .ARM.Collect$$rtentry$$0000000C  c_w.l(__rtentry2.o)
    0x0000048e   0x0000048e   0x00000008   Code   RO          254    .ARM.Collect$$rtentry$$0000000D  c_w.l(__rtentry2.o)
    0x00000496   0x00000496   0x00000002   Code   RO          277    .ARM.Collect$$rtexit$$00000000  c_w.l(rtexit.o)
    0x00000498   0x00000498   0x00000000   Code   RO          325    .ARM.Collect$$rtexit$$00000002  c_w.l(rtexit2.o)
    0x00000498   0x00000498   0x00000004   Code   RO          326    .ARM.Collect$$rtexit$$00000003  c_w.l(rtexit2.o)
    0x0000049c   0x0000049c   0x00000006   Code   RO          327    .ARM.Collect$$rtexit$$00000004  c_w.l(rtexit2.o)
    0x000004a2   0x000004a2   0x00000002   PAD
    0x000004a4   0x000004a4   0x00000048   Code   RO          132  * .text               startup_mk64f12.o
    0x000004ec   0x000004ec   0x00000028   Code   RO          185    .text               c_w.l(noretval__2sprintf.o)
    0x00000514   0x00000514   0x00000068   Code   RO          187    .text               c_w.l(__printf.o)
    0x0000057c   0x0000057c   0x00000078   Code   RO          189    .text               c_w.l(_printf_dec.o)
    0x000005f4   0x000005f4   0x00000058   Code   RO          194    .text               c_w.l(_printf_hex_int.o)
    0x0000064c   0x0000064c   0x00000006   Code   RO          235    .text               c_w.l(heapauxi.o)
    0x00000652   0x00000652   0x000000b2   Code   RO          240    .text               c_w.l(_printf_intcommon.o)
    0x00000704   0x00000704   0x00000030   Code   RO          242    .text               c_w.l(_printf_char_common.o)
    0x00000734   0x00000734   0x0000000a   Code   RO          244    .text               c_w.l(_sputc.o)
    0x0000073e   0x0000073e   0x0000004a   Code   RO          264    .text               c_w.l(sys_stackheap_outer.o)
    0x00000788   0x00000788   0x00000012   Code   RO          266    .text               c_w.l(exit.o)
    0x0000079a   0x0000079a   0x00000002   PAD
    0x0000079c   0x0000079c   0x00000008   Code   RO          274    .text               c_w.l(libspace.o)
    0x000007a4   0x000007a4   0x0000000c   Code   RO          335    .text               c_w.l(sys_exit.o)
    0x000007b0   0x000007b0   0x00000002   Code   RO          346    .text               c_w.l(use_no_semi.o)
    0x000007b2   0x000007b2   0x00000000   Code   RO          348    .text               c_w.l(indicate_semi.o)
    0x000007b2   0x000007b2   0x00000002   PAD
    0x000007b4   0x000007b4   0x00000088   Code   RO            4    i.ADC1_INIT         main_adc.o
    0x0000083c   0x0000083c   0x0000001c   Code   RO            5    i.ADC1_IRQHandler   main_adc.o
    0x00000858   0x00000858   0x00000028   Code   RO            6    i.DAC0_INIT         main_adc.o
    0x00000880   0x00000880   0x0000002c   Code   RO            7    i.PDB_INIT          main_adc.o
    0x000008ac   0x000008ac   0x000000a0   Code   RO          142    i.SystemInit        system_mk64f12.o
    0x0000094c   0x0000094c   0x00000074   Code   RO            8    i.main              main_adc.o
    0x000009c0   0x000009c0   0x00000016   Code   RO           85    i.put               uart.o
    0x000009d6   0x000009d6   0x00000002   PAD
    0x000009d8   0x000009d8   0x0000009c   Code   RO           87    i.uart_init         uart.o
    0x00000a74   0x00000a74   0x00000018   Code   RO           88    i.uart_putchar      uart.o
    0x00000a8c   0x00000a8c   0x0000000a   Code   RO          333    x$fpl$fpinit        fz_wm.l(fpinit.o)
    0x00000a96   0x00000a96   0x00000028   Data   RO          195    .constdata          c_w.l(_printf_hex_int.o)
    0x00000abe   0x00000abe   0x00000002   PAD
    0x00000ac0   0x00000ac0   0x00000010   Data   RO          401    Region$$Table       anon$$obj.o


    Execution Region ER_RW (Exec base: 0x20000000, Load base: 0x00000ad0, Size: 0x00000000, Max: 0xffffffff, ABSOLUTE)

    **** No section assigned to this execution region ****


    Execution Region ER_ZI (Exec base: 0x20000000, Load base: 0x00000ad0, Size: 0x00000460, Max: 0xffffffff, ABSOLUTE)

    Exec Addr    Load Addr    Size         Type   Attr      Idx    E Section Name        Object

    0x20000000        -       0x00000060   Zero   RW          275    .bss                c_w.l(libspace.o)
    0x20000060        -       0x00000000   Zero   RW          129    HEAP                startup_mk64f12.o
    0x20000060        -       0x00000400   Zero   RW          128    STACK               startup_mk64f12.o


==============================================================================

Image component sizes


      Code (inc. data)   RO Data    RW Data    ZI Data      Debug   Object Name

       364         86          0          0          0     381603   main_adc.o
        88         44       1024          0       1024       1140   startup_mk64f12.o
       160         24          0          0          0        565   system_mk64f12.o
       202         16          0          0          0       1485   uart.o

    ----------------------------------------------------------------------
       816        170       1040          0       1024     384793   Object Totals
         0          0         16          0          0          0   (incl. Generated)
         2          0          0          0          0          0   (incl. Padding)

    ----------------------------------------------------------------------

      Code (inc. data)   RO Data    RW Data    ZI Data      Debug   Library Member Name

         8          0          0          0          0         68   __main.o
       104          0          0          0          0         84   __printf.o
         0          0          0          0          0          0   __rtentry.o
        12          0          0          0          0          0   __rtentry2.o
         6          0          0          0          0          0   __rtentry4.o
        52          8          0          0          0          0   __scatter.o
        28          0          0          0          0          0   __scatter_zi.o
        48          6          0          0          0         96   _printf_char_common.o
         6          0          0          0          0          0   _printf_d.o
       120         16          0          0          0         92   _printf_dec.o
        88          4         40          0          0         88   _printf_hex_int.o
       178          0          0          0          0         88   _printf_intcommon.o
         0          0          0          0          0          0   _printf_percent.o
         4          0          0          0          0          0   _printf_percent_end.o
         6          0          0          0          0          0   _printf_x.o
        10          0          0          0          0         68   _sputc.o
        18          0          0          0          0         80   exit.o
         6          0          0          0          0        152   heapauxi.o
         0          0          0          0          0          0   indicate_semi.o
         2          0          0          0          0          0   libinit.o
         6          0          0          0          0          0   libinit2.o
         2          0          0          0          0          0   libshutdown.o
         2          0          0          0          0          0   libshutdown2.o
         8          4          0          0         96         68   libspace.o
        40          6          0          0          0         84   noretval__2sprintf.o
         2          0          0          0          0          0   rtexit.o
        10          0          0          0          0          0   rtexit2.o
        12          4          0          0          0         68   sys_exit.o
        74          0          0          0          0         80   sys_stackheap_outer.o
         2          0          0          0          0         68   use_no_semi.o
        10          0          0          0          0        116   fpinit.o

    ----------------------------------------------------------------------
       870         48         42          0         96       1300   Library Totals
         6          0          2          0          0          0   (incl. Padding)

    ----------------------------------------------------------------------

      Code (inc. data)   RO Data    RW Data    ZI Data      Debug   Library Name

       854         48         40          0         96       1184   c_w.l
        10          0          0          0          0        116   fz_wm.l

    ----------------------------------------------------------------------
       870         48         42          0         96       1300   Library Totals

    ----------------------------------------------------------------------

==============================================================================


      Code (inc. data)   RO Data    RW Data    ZI Data      Debug   

      1686        218       1082          0       1120     385005   Grand Totals
      1686        218       1082          0       1120     385005   ELF Image Totals
      1686        218       1082          0          0          0   ROM Totals

==============================================================================

    Total RO  Size (Code + RO Data)                 2768 (   2.70kB)
    Total RW  Size (RW Data + ZI Data)              1120 (   1.09kB)
    Total ROM Size (Code + RO Data + RW Data)       2768 (   2.70kB)

==============================================================================

